16:48:53 **** Incremental Build of configuration Debug for project BLINKY ****
make -j12 all 
arm-none-eabi-gcc "../Core/Src/main.c" -mcpu=cortex-m3 -std=gnu11 -g3 -DUSE_HAL_DRIVER -DSTM32F100xB -DDEBUG -c -I../Core/Inc -I../Drivers/STM32F1xx_HAL_Driver/Inc -I../Drivers/STM32F1xx_HAL_Driver/Inc/Legacy -I../Drivers/CMSIS/Device/ST/STM32F1xx/Include -I../Drivers/CMSIS/Include -O0 -ffunction-sections -fdata-sections -Wall -fstack-usage -MMD -MP -MF"Core/Src/main.d" -MT"Core/Src/main.o" --specs=nano.specs -mfloat-abi=soft -mthumb -o "Core/Src/main.o"
arm-none-eabi-gcc -o "BLINKY.elf" @"objects.list"   -mcpu=cortex-m3 -T"D:\User\Team KJSCE Robocon\TKR2022\TKR2022Embedded\STM\STM32F1\Test1\BLINKY\STM32F100C8TX_FLASH.ld" --specs=nosys.specs -Wl,-Map="BLINKY.map" -Wl,--gc-sections -static --specs=nano.specs -mfloat-abi=soft -mthumb -Wl,--start-group -lc -lm -Wl,--end-group
Finished building target: BLINKY.elf
 
arm-none-eabi-size   BLINKY.elf 
arm-none-eabi-objdump -h -S  BLINKY.elf  > "BLINKY.list"
   text	   data	    bss	    dec	    hex	filename
   4728	     20	   1572	   6320	   18b0	BLINKY.elf
Finished building: default.size.stdout
 
Finished building: BLINKY.list
 

16:48:59 Build Finished. 0 errors, 0 warnings. (took 6s.5ms)

